
Allocating common symbols
Common symbol       size              file

interrupt_stacks    0x10              kernel/mips32/interrupt.mips32.o
thread_table        0x800             kernel/thread.mips32.o
process_table_slock
                    0x4               proc/process.mips32.o
scheduler_current_thread
                    0x10              kernel/scheduler.mips32.o
process_table       0xc00             proc/process.mips32.o
thread_stack_areas  0x20000           kernel/thread.mips32.o
thread_table_slock  0x4               kernel/thread.mips32.o

Discarded input sections

 .reginfo       0x0000000000000000       0x18 kernel/panic.mips32.o
 .MIPS.abiflags
                0x0000000000000000       0x18 kernel/panic.mips32.o
 .reginfo       0x0000000000000000       0x18 kernel/thread.mips32.o
 .MIPS.abiflags
                0x0000000000000000       0x18 kernel/thread.mips32.o
 .reginfo       0x0000000000000000       0x18 kernel/scheduler.mips32.o
 .MIPS.abiflags
                0x0000000000000000       0x18 kernel/scheduler.mips32.o
 .reginfo       0x0000000000000000       0x18 kernel/sleepq.mips32.o
 .MIPS.abiflags
                0x0000000000000000       0x18 kernel/sleepq.mips32.o
 .reginfo       0x0000000000000000       0x18 kernel/semaphore.mips32.o
 .MIPS.abiflags
                0x0000000000000000       0x18 kernel/semaphore.mips32.o
 .reginfo       0x0000000000000000       0x18 kernel/halt.mips32.o
 .MIPS.abiflags
                0x0000000000000000       0x18 kernel/halt.mips32.o
 .reginfo       0x0000000000000000       0x18 kernel/stalloc.mips32.o
 .MIPS.abiflags
                0x0000000000000000       0x18 kernel/stalloc.mips32.o
 .reginfo       0x0000000000000000       0x18 lib/libc.mips32.o
 .MIPS.abiflags
                0x0000000000000000       0x18 lib/libc.mips32.o
 .reginfo       0x0000000000000000       0x18 lib/xprintf.mips32.o
 .MIPS.abiflags
                0x0000000000000000       0x18 lib/xprintf.mips32.o
 .reginfo       0x0000000000000000       0x18 lib/bitmap.mips32.o
 .MIPS.abiflags
                0x0000000000000000       0x18 lib/bitmap.mips32.o
 .reginfo       0x0000000000000000       0x18 lib/debug.mips32.o
 .MIPS.abiflags
                0x0000000000000000       0x18 lib/debug.mips32.o
 .reginfo       0x0000000000000000       0x18 drivers/bootargs.mips32.o
 .MIPS.abiflags
                0x0000000000000000       0x18 drivers/bootargs.mips32.o
 .reginfo       0x0000000000000000       0x18 drivers/disksched.mips32.o
 .MIPS.abiflags
                0x0000000000000000       0x18 drivers/disksched.mips32.o
 .reginfo       0x0000000000000000       0x18 drivers/timer.mips32.o
 .MIPS.abiflags
                0x0000000000000000       0x18 drivers/timer.mips32.o
 .reginfo       0x0000000000000000       0x18 proc/elf.mips32.o
 .MIPS.abiflags
                0x0000000000000000       0x18 proc/elf.mips32.o
 .reginfo       0x0000000000000000       0x18 proc/syscall.mips32.o
 .MIPS.abiflags
                0x0000000000000000       0x18 proc/syscall.mips32.o
 .reginfo       0x0000000000000000       0x18 proc/process.mips32.o
 .MIPS.abiflags
                0x0000000000000000       0x18 proc/process.mips32.o
 .reginfo       0x0000000000000000       0x18 proc/memlimit.mips32.o
 .MIPS.abiflags
                0x0000000000000000       0x18 proc/memlimit.mips32.o
 .reginfo       0x0000000000000000       0x18 fs/vfs.mips32.o
 .MIPS.abiflags
                0x0000000000000000       0x18 fs/vfs.mips32.o
 .reginfo       0x0000000000000000       0x18 fs/tfs.mips32.o
 .MIPS.abiflags
                0x0000000000000000       0x18 fs/tfs.mips32.o
 .reginfo       0x0000000000000000       0x18 fs/filesystems.mips32.o
 .MIPS.abiflags
                0x0000000000000000       0x18 fs/filesystems.mips32.o
 .reginfo       0x0000000000000000       0x18 lib/gcc/divdi3.mips32.o
 .MIPS.abiflags
                0x0000000000000000       0x18 lib/gcc/divdi3.mips32.o
 .reginfo       0x0000000000000000       0x18 lib/gcc/qdivrem.mips32.o
 .MIPS.abiflags
                0x0000000000000000       0x18 lib/gcc/qdivrem.mips32.o
 .reginfo       0x0000000000000000       0x18 lib/gcc/udivdi3.mips32.o
 .MIPS.abiflags
                0x0000000000000000       0x18 lib/gcc/udivdi3.mips32.o
 .reginfo       0x0000000000000000       0x18 lib/gcc/umoddi3.mips32.o
 .MIPS.abiflags
                0x0000000000000000       0x18 lib/gcc/umoddi3.mips32.o
 .reginfo       0x0000000000000000       0x18 init/mips32/_boot.mips32.o
 .MIPS.abiflags
                0x0000000000000000       0x18 init/mips32/_boot.mips32.o
 .reginfo       0x0000000000000000       0x18 kernel/mips32/_cswitch.mips32.o
 .MIPS.abiflags
                0x0000000000000000       0x18 kernel/mips32/_cswitch.mips32.o
 .reginfo       0x0000000000000000       0x18 kernel/mips32/_interrupt.mips32.o
 .MIPS.abiflags
                0x0000000000000000       0x18 kernel/mips32/_interrupt.mips32.o
 .reginfo       0x0000000000000000       0x18 kernel/mips32/_spinlock.mips32.o
[...]
Memory Configuration

Name             Origin             Length             Attributes
*default*        0x0000000000000000 0xffffffffffffffff

Linker script and memory map

                0x0000000080010000                . = 0x80010000

.text           0x0000000080010000     0xa184
 *(.text)
 .text          0x0000000080010000      0x274 init/common.mips32.o
                0x0000000080010000                init_startup_fallback
                0x00000000800101b8                init_startup_thread
 .text          0x0000000080010274       0x68 kernel/panic.mips32.o
                0x0000000080010274                _kernel_panic
 .text          0x00000000800102dc      0x420 kernel/thread.mips32.o
                0x00000000800102dc                thread_table_init
                0x0000000080010394                thread_create
                0x0000000080010524                thread_run
                0x000000008001052c                thread_switch
                0x0000000080010558                thread_get_current_thread
                0x00000000800105a8                thread_finish
                0x000000008001065c                thread_get_thread_entry
                0x0000000080010670                thread_get_current_thread_entry
                0x00000000800106cc                thread_goto_userland
 .text          0x00000000800106fc      0x320 kernel/scheduler.mips32.o
                0x00000000800106fc                scheduler_init
                0x0000000080010718                scheduler_add_to_ready_list
                0x0000000080010804                scheduler_add_ready
                0x0000000080010874                scheduler_schedule
 .text          0x0000000080010a1c      0x488 kernel/sleepq.mips32.o
                0x0000000080010a1c                sleepq_init
                0x0000000080010a4c                sleepq_add
                0x0000000080010b94                sleepq_wake
                0x0000000080010d08                sleepq_wake_all
 .text          0x0000000080010ea4      0x2a4 kernel/semaphore.mips32.o
                0x0000000080010ea4                semaphore_init
                0x0000000080010eec                semaphore_create
                0x0000000080011034                semaphore_destroy
                0x0000000080011040                semaphore_P
                0x00000000800110c8                semaphore_V
 .text          0x0000000080011148       0x3c kernel/halt.mips32.o
                0x0000000080011148                halt_kernel
 .text          0x0000000080011184       0xfc kernel/stalloc.mips32.o
                0x0000000080011184                stalloc_disable
                0x0000000080011194                stalloc_init
                0x00000000800111a8                stalloc
 .text          0x0000000080011280      0x484 lib/libc.mips32.o
                0x0000000080011280                kwrite
                0x00000000800112c8                kread
                0x0000000080011348                stringcmp
                0x00000000800113c4                stringcopy
                0x0000000080011460                memcopy
                0x0000000080011530                memoryset
                0x0000000080011558                atoi
                0x0000000080011640                strlen
                0x0000000080011678                swap16
                0x0000000080011690                swap32
                0x00000000800116c0                from_big_endian16
                0x00000000800116c8                from_big_endian32
                0x00000000800116d0                to_big_endian16
                0x00000000800116d8                to_big_endian32
                0x00000000800116e0                wordpad
 .text          0x0000000080011704      0xb88 lib/xprintf.mips32.o
                0x0000000080012120                kvprintf
                0x00000000800121a8                kprintf
                0x0000000080012238                vsnprintf
                0x000000008001225c                snprintf
 .text          0x000000008001228c      0x3b8 lib/bitmap.mips32.o
                0x000000008001228c                bitmap_sizeof
                0x00000000800122b4                bitmap_init
                0x0000000080012340                bitmap_get
                0x0000000080012410                bitmap_set
                0x0000000080012530                bitmap_findnset
 .text          0x0000000080012644       0x44 lib/debug.mips32.o
                0x0000000080012644                DEBUG
 .text          0x0000000080012688      0x27c drivers/bootargs.mips32.o
                0x0000000080012688                bootargs_init
                0x0000000080012878                bootargs_get
 .text          0x0000000080012904       0x44 drivers/disksched.mips32.o
                0x0000000080012904                disksched_schedule
 .text          0x0000000080012948       0x34 drivers/timer.mips32.o
                0x0000000080012948                timer_set_ticks
 .text          0x000000008001297c      0x374 proc/elf.mips32.o
                0x000000008001297c                elf_parse_header
 .text          0x0000000080012cf0      0x200 proc/syscall.mips32.o
                0x0000000080012cf0                syscall_write
                0x0000000080012d44                syscall_read
                0x0000000080012d70                syscall_entry
 .text          0x0000000080012ef0      0xa28 proc/process.mips32.o
                0x0000000080012ef0                process_run
                0x0000000080012fd0                process_reset
                0x0000000080012ff4                process_init
                0x000000008001303c                alloc_process_id
                0x00000000800130e0                setup_new_process
                0x00000000800135e4                process_spawn
                0x00000000800136e4                process_get_current_process
                0x0000000080013704                process_get_current_process_entry
                0x000000008001373c                process_join
                0x0000000080013864                process_exit
 .text          0x0000000080013918       0x30 proc/memlimit.mips32.o
                0x0000000080013918                memlimit
 .text          0x0000000080013948     0x1538 fs/vfs.mips32.o
                0x0000000080013bec                vfs_init
                0x0000000080013cd8                vfs_deinit
                0x0000000080013e48                vfs_mount
                0x0000000080013fdc                vfs_mount_fs
                0x00000000800140d8                vfs_mount_all
                0x0000000080014160                vfs_unmount
                0x00000000800142d4                vfs_open
                0x00000000800144c4                vfs_close
                0x0000000080014554                vfs_seek
                0x00000000800145fc                vfs_read
                0x00000000800146dc                vfs_write
                0x00000000800147bc                vfs_create
                0x0000000080014904                vfs_remove
                0x0000000080014a18                vfs_getfree
                0x0000000080014b10                vfs_filecount
                0x0000000080014c94                vfs_file
 .text          0x0000000080014e80     0x13cc fs/tfs.mips32.o
                0x0000000080014e80                tfs_close
                0x0000000080014e88                tfs_unmount
                0x0000000080014ee0                tfs_open
                0x000000008001500c                tfs_filecount
                0x00000000800150e4                tfs_file
                0x0000000080015214                tfs_create
                0x00000000800155c0                tfs_remove
                0x0000000080015854                tfs_read
                0x0000000080015b50                tfs_write
                0x0000000080015f3c                tfs_getfree
                0x0000000080016014                tfs_init
 .text          0x000000008001624c      0x49c fs/filesystems.mips32.o
                0x000000008001624c                get_partition
                0x0000000080016340                read_extended_partition_table
                0x00000000800164d0                filesystems_try_all
 .text          0x00000000800166e8       0xac lib/gcc/divdi3.mips32.o
                0x00000000800166e8                __divdi3
 .text          0x0000000080016794      0x51c lib/gcc/qdivrem.mips32.o
                0x00000000800167f0                __qdivrem
 .text          0x0000000080016cb0       0x24 lib/gcc/udivdi3.mips32.o
                0x0000000080016cb0                __udivdi3
 .text          0x0000000080016cd4       0x2c lib/gcc/umoddi3.mips32.o
                0x0000000080016cd4                __umoddi3
 .text          0x0000000080016d00       0x60 init/mips32/_boot.mips32.o
                0x0000000080016d00                _start
 .text          0x0000000080016d60      0x350 kernel/mips32/_cswitch.mips32.o
                0x0000000080016d60                _cswitch_vector_code
                0x0000000080016d80                _cswitch_switch
                0x0000000080017088                _cswitch_to_userland
 .text          0x00000000800170b0      0x120 kernel/mips32/_interrupt.mips32.o
                0x00000000800170b0                _interrupt_disable
                0x00000000800170cc                _interrupt_enable
                0x00000000800170e4                _interrupt_set_state
                0x0000000080017108                _interrupt_get_state
                0x0000000080017114                _interrupt_yield
                0x000000008001712c                _interrupt_clear_sw
                0x0000000080017144                _interrupt_clear_sw0
                0x000000008001715c                _interrupt_clear_sw1
                0x0000000080017174                _interrupt_clear_bootstrap
                0x0000000080017190                _interrupt_getcpu
                0x00000000800171a0                _interrupt_clear_EXL
                0x00000000800171b8                _interrupt_set_EXL
 .text          0x00000000800171d0       0x30 kernel/mips32/_spinlock.mips32.o
                0x00000000800171d0                spinlock_reset
                0x00000000800171d0                spinlock_release
                0x00000000800171dc                spinlock_acquire
 .text          0x0000000080017200        0xc kernel/mips32/idle.mips32.o
                0x0000000080017200                _idle_thread_wait_loop
 .text          0x000000008001720c      0x15c vm/mips32/_tlb.mips32.o
                0x000000008001720c                _tlb_get_exception_state
                0x0000000080017230                _tlb_set_asid
                0x0000000080017250                _tlb_get_maxindex
                0x0000000080017264                _tlb_probe
                0x000000008001727c                _tlb_read
                0x00000000800172e0                _tlb_write
                0x0000000080017344                _tlb_write_random
 .text          0x0000000080017368       0x4c lib/mips32/rand.mips32.o
                0x0000000080017368                _set_rand_seed
                0x0000000080017378                _get_rand
 .text          0x00000000800173b4       0x14 drivers/mips32/_timer.mips32.o
                0x00000000800173b4                _timer_set_ticks
 .text          0x00000000800173c8      0x100 vm/memory.mips32.o
                0x00000000800173c8                vm_memwrite
 .text          0x00000000800174c8      0x28c init/mips32/main.mips32.o
                0x00000000800174c8                init
 .text          0x0000000080017754       0x54 kernel/mips32/cswitch.mips32.o
                0x0000000080017754                _context_init
                0x0000000080017778                _context_enter_userland
                0x000000008001778c                _context_set_ip
                0x0000000080017794                _context_enable_ints
                0x00000000800177a0                _context_set_sp
 .text          0x00000000800177a8      0x380 kernel/mips32/interrupt.mips32.o
                0x00000000800177a8                interrupt_init
                0x00000000800178cc                interrupt_register
                0x000000008001799c                interrupt_handle
                0x0000000080017aec                _interrupt_is_disabled
 .text          0x0000000080017b28      0x260 kernel/mips32/exception.mips32.o
                0x0000000080017b60                kernel_exception_handle
 .text          0x0000000080017d88      0x604 vm/mips32/mm_virt.mips32.o
                0x0000000080017d88                vm_init
                0x0000000080017da4                vm_create_pagetable
                0x0000000080017df0                vm_destroy_pagetable
                0x0000000080017e00                vm_map
                0x0000000080018138                vm_unmap
                0x0000000080018140                vm_getmap
                0x00000000800181f0                vm_set_dirty
 .text          0x000000008001838c      0x380 vm/mips32/tlb.mips32.o
                0x000000008001838c                find_matching_page
                0x0000000080018410                tlb_modified_exception
                0x0000000080018434                tlb_load_exception
                0x0000000080018560                tlb_store_exception
                0x000000008001868c                tlb_fill
 .text          0x000000008001870c      0x37c vm/mips32/mm_phys.mips32.o
                0x000000008001870c                physmem_get_size
                0x000000008001878c                physmem_get_reserved_size
                0x0000000080018810                physmem_init
                0x00000000800188e4                physmem_allocblock
                0x00000000800189b0                physmem_freeblock
 .text          0x0000000080018a88      0x5b0 drivers/mips32/disk.mips32.o
                0x0000000080018f0c                disk_init
 .text          0x0000000080019038      0x478 drivers/mips32/metadev.mips32.o
                0x00000000800190b8                cpustatus_interrupt_handle
                0x0000000080019144                rtc_init
                0x00000000800191b4                rtc_get_msec
                0x00000000800191cc                rtc_get_clockspeed
                0x00000000800191e4                meminfo_init
                0x0000000080019254                meminfo_get_pages
                0x000000008001926c                cpustatus_init
                0x000000008001930c                cpustatus_count
                0x0000000080019354                cpustatus_generate_irq
                0x00000000800193d4                shutdown_init
                0x0000000080019444                shutdown
 .text          0x00000000800194b0       0xe8 drivers/mips32/polltty.mips32.o
                0x00000000800194b0                polltty_init
                0x0000000080019510                polltty_getchar
                0x0000000080019550                polltty_putchar
 .text          0x0000000080019598      0x7dc drivers/mips32/tty.mips32.o
                0x0000000080019940                tty_interrupt_handle
                0x0000000080019bb8                tty_init
 .text          0x0000000080019d74      0x1dc drivers/mips32/device.mips32.o
                0x0000000080019d74                device_init
                0x0000000080019ef0                device_get
 .text          0x0000000080019f50        0x0 drivers/mips32/drivers.mips32.o
 .text          0x0000000080019f50      0x1e4 proc/mips32/exception.mips32.o
                0x0000000080019f50                user_exception_handle
 .text          0x000000008001a134       0x48 proc/mips32/_syscall.mips32.o
                0x000000008001a134                syscall_handle
 .text          0x000000008001a17c        0x8 proc/mips32/_proc.mips32.o
                0x000000008001a17c                process_set_pagetable

.rodata         0x000000008001a184     0x1678
 *(.rodata .rodata.*)
 .rodata.str1.4
                0x000000008001a184      0x17e init/common.mips32.o
 *fill*         0x000000008001a302        0x2 
 .rodata.str1.4
                0x000000008001a304       0x26 kernel/panic.mips32.o
 *fill*         0x000000008001a32a        0x2 
 .rodata.str1.4
                0x000000008001a32c       0x6b kernel/thread.mips32.o
                                         0x7f (size before relaxing)
 *fill*         0x000000008001a397        0x1 
 .rodata.str1.4
                0x000000008001a398       0x13 kernel/scheduler.mips32.o
                                         0x27 (size before relaxing)
 *fill*         0x000000008001a3ab        0x1 
 .rodata.str1.4
                0x000000008001a3ac       0x10 kernel/sleepq.mips32.o
                                         0x24 (size before relaxing)
 .rodata.str1.4
                0x000000008001a3bc       0x13 kernel/semaphore.mips32.o
                                         0x27 (size before relaxing)
 *fill*         0x000000008001a3cf        0x1 
 .rodata.str1.4
                0x000000008001a3d0       0x54 kernel/halt.mips32.o
 .rodata.str1.4
                0x000000008001a424       0xa4 kernel/stalloc.mips32.o
 .rodata        0x000000008001a4c8      0x10c lib/xprintf.mips32.o
 .rodata.str1.4
                0x000000008001a5d4       0x2c lib/bitmap.mips32.o
                                         0x40 (size before relaxing)
 .rodata.str1.4
                0x000000008001a600       0x2c drivers/bootargs.mips32.o
                                          0x1 (size before relaxing)
 .rodata.str1.4
                0x000000008001a600       0x27 proc/syscall.mips32.o
 *fill*         0x000000008001a627        0x1 
 .rodata.str1.4
                0x000000008001a628        0xf proc/process.mips32.o
                                         0x23 (size before relaxing)
 *fill*         0x000000008001a637        0x1 
 .rodata.str1.4
                0x000000008001a638        0x5 proc/memlimit.mips32.o
 *fill*         0x000000008001a63d        0x3 
 .rodata.str1.4
                0x000000008001a640      0x2d1 fs/vfs.mips32.o
                                        0x2e5 (size before relaxing)
 *fill*         0x000000008001a911        0x3 
 .rodata.str1.4
                0x000000008001a914       0xd2 fs/tfs.mips32.o
                                         0xd6 (size before relaxing)
 *fill*         0x000000008001a9e6        0x2 
 .rodata.str1.4
                0x000000008001a9e8       0xa0 fs/filesystems.mips32.o
 .rodata.str1.4
                0x000000008001aa88        0xc vm/memory.mips32.o
                                         0x20 (size before relaxing)
 .rodata.str1.4
                0x000000008001aa94      0x3f1 init/mips32/main.mips32.o
                                        0x409 (size before relaxing)
 *fill*         0x000000008001ae85        0x3 
 .rodata.str1.4
                0x000000008001ae88       0xd2 kernel/mips32/interrupt.mips32.o
 *fill*         0x000000008001af5a        0x2 
 .rodata.str1.4
                0x000000008001af5c      0x216 kernel/mips32/exception.mips32.o
 *fill*         0x000000008001b172        0x2 
 .rodata        0x000000008001b174       0x38 kernel/mips32/exception.mips32.o
 .rodata.str1.4
                0x000000008001b1ac      0x10c vm/mips32/mm_virt.mips32.o
                                        0x120 (size before relaxing)
 .rodata.str1.4
                0x000000008001b2b8       0xbe vm/mips32/tlb.mips32.o
                                         0xd1 (size before relaxing)
 *fill*         0x000000008001b376        0x2 
 .rodata.str1.4
                0x000000008001b378       0xc9 vm/mips32/mm_phys.mips32.o
                                         0xdd (size before relaxing)
 *fill*         0x000000008001b441        0x3 
 .rodata.str1.4
                0x000000008001b444       0x9b drivers/mips32/disk.mips32.o
                                         0xaf (size before relaxing)
 *fill*         0x000000008001b4df        0x1 
 .rodata.str1.4
                0x000000008001b4e0      0x134 drivers/mips32/metadev.mips32.o
                                        0x148 (size before relaxing)
 .rodata.str1.4
                0x000000008001b614       0x96 drivers/mips32/tty.mips32.o
 *fill*         0x000000008001b6aa        0x2 
 .rodata.str1.4
                0x000000008001b6ac       0xaa drivers/mips32/device.mips32.o
 *fill*         0x000000008001b756        0x2 
 .rodata.str1.4
                0x000000008001b758       0x51 drivers/mips32/drivers.mips32.o
 *fill*         0x000000008001b7a9        0x3 
 .rodata.str1.4
                0x000000008001b7ac       0x18 proc/mips32/exception.mips32.o
                                        0x17e (size before relaxing)
 .rodata        0x000000008001b7c4       0x38 proc/mips32/exception.mips32.o

.MIPS.abiflags  0x000000008001b800       0x18
 .MIPS.abiflags
                0x000000008001b800       0x18 init/common.mips32.o

.rel.dyn        0x000000008001b818        0x0
 .rel.dyn       0x000000008001b818        0x0 fs/filesystems.mips32.o

.data           0x000000008001b818       0x7c
 *(.data)
 .data          0x000000008001b818        0x0 init/common.mips32.o
 .data          0x000000008001b818        0x0 kernel/panic.mips32.o
 .data          0x000000008001b818        0x0 kernel/thread.mips32.o
 .data          0x000000008001b818        0x8 kernel/scheduler.mips32.o
 .data          0x000000008001b820        0x0 kernel/sleepq.mips32.o
 .data          0x000000008001b820        0x0 kernel/semaphore.mips32.o
 .data          0x000000008001b820        0x0 kernel/halt.mips32.o
 .data          0x000000008001b820        0x0 kernel/stalloc.mips32.o
 .data          0x000000008001b820        0x0 lib/libc.mips32.o
 .data          0x000000008001b820        0x0 lib/xprintf.mips32.o
 .data          0x000000008001b820        0x0 lib/bitmap.mips32.o
 .data          0x000000008001b820        0x0 lib/debug.mips32.o
 .data          0x000000008001b820        0x0 drivers/bootargs.mips32.o
 .data          0x000000008001b820        0x0 drivers/disksched.mips32.o
 .data          0x000000008001b820        0x0 drivers/timer.mips32.o
 .data          0x000000008001b820        0x0 proc/elf.mips32.o
 .data          0x000000008001b820        0x0 proc/syscall.mips32.o
 .data          0x000000008001b820        0x0 proc/process.mips32.o
 .data          0x000000008001b820        0x0 proc/memlimit.mips32.o
 .data          0x000000008001b820        0x0 fs/vfs.mips32.o
 .data          0x000000008001b820        0x0 fs/tfs.mips32.o
 .data          0x000000008001b820       0x10 fs/filesystems.mips32.o
 .data          0x000000008001b830        0x0 lib/gcc/divdi3.mips32.o
 .data          0x000000008001b830        0x4 lib/gcc/qdivrem.mips32.o
 .data          0x000000008001b834        0x0 lib/gcc/udivdi3.mips32.o
 .data          0x000000008001b834        0x0 lib/gcc/umoddi3.mips32.o
 .data          0x000000008001b834        0x0 init/mips32/_boot.mips32.o
 .data          0x000000008001b834        0x0 kernel/mips32/_cswitch.mips32.o
 .data          0x000000008001b834        0x0 kernel/mips32/_interrupt.mips32.o
 .data          0x000000008001b834        0x0 kernel/mips32/_spinlock.mips32.o
 .data          0x000000008001b834        0x0 kernel/mips32/idle.mips32.o
 .data          0x000000008001b834        0x0 vm/mips32/_tlb.mips32.o
 .data          0x000000008001b834        0xc lib/mips32/rand.mips32.o
 .data          0x000000008001b840        0x0 drivers/mips32/_timer.mips32.o
 .data          0x000000008001b840        0x0 vm/memory.mips32.o
 .data          0x000000008001b840        0x0 init/mips32/main.mips32.o
 .data          0x000000008001b840        0x0 kernel/mips32/cswitch.mips32.o
 .data          0x000000008001b840        0x0 kernel/mips32/interrupt.mips32.o
 .data          0x000000008001b840        0x0 kernel/mips32/exception.mips32.o
 .data          0x000000008001b840        0x0 vm/mips32/mm_virt.mips32.o
 .data          0x000000008001b840        0x0 vm/mips32/tlb.mips32.o
 .data          0x000000008001b840        0x0 vm/mips32/mm_phys.mips32.o
 .data          0x000000008001b840        0x0 drivers/mips32/disk.mips32.o
 .data          0x000000008001b840        0x0 drivers/mips32/metadev.mips32.o
 .data          0x000000008001b840        0x0 drivers/mips32/polltty.mips32.o
 .data          0x000000008001b840        0x0 drivers/mips32/tty.mips32.o
 .data          0x000000008001b840        0x0 drivers/mips32/device.mips32.o
 .data          0x000000008001b840       0x54 drivers/mips32/drivers.mips32.o
                0x000000008001b840                drivers_available
 .data          0x000000008001b894        0x0 proc/mips32/exception.mips32.o
 .data          0x000000008001b894        0x0 proc/mips32/_syscall.mips32.o
 .data          0x000000008001b894        0x0 proc/mips32/_proc.mips32.o

.bss            0x000000008001b894    0x23e60
 *(.bss COMMON)
 .bss           0x000000008001b894        0x0 init/common.mips32.o
 .bss           0x000000008001b894        0x0 kernel/panic.mips32.o
 .bss           0x000000008001b894        0x4 kernel/thread.mips32.o
 COMMON         0x000000008001b898    0x20804 kernel/thread.mips32.o
                0x000000008001b898                thread_table
                0x000000008001c098                thread_stack_areas
                0x000000008003c098                thread_table_slock
 .bss           0x000000008003c09c        0x0 kernel/scheduler.mips32.o
 COMMON         0x000000008003c09c       0x10 kernel/scheduler.mips32.o
                0x000000008003c09c                scheduler_current_thread
 .bss           0x000000008003c0ac      0x200 kernel/sleepq.mips32.o
 .bss           0x000000008003c2ac      0x608 kernel/semaphore.mips32.o
 .bss           0x000000008003c8b4        0x0 kernel/halt.mips32.o
 .bss           0x000000008003c8b4        0x4 kernel/stalloc.mips32.o
 .bss           0x000000008003c8b8        0x0 lib/libc.mips32.o
 .bss           0x000000008003c8b8        0x4 lib/xprintf.mips32.o
                0x000000008003c8b8                kprintf_slock
 .bss           0x000000008003c8bc        0x0 lib/bitmap.mips32.o
 .bss           0x000000008003c8bc        0x0 lib/debug.mips32.o
 .bss           0x000000008003c8bc      0x100 drivers/bootargs.mips32.o
 .bss           0x000000008003c9bc        0x0 drivers/disksched.mips32.o
 .bss           0x000000008003c9bc        0x0 drivers/timer.mips32.o
 .bss           0x000000008003c9bc        0x0 proc/elf.mips32.o
 .bss           0x000000008003c9bc        0x0 proc/syscall.mips32.o
 .bss           0x000000008003c9bc        0x0 proc/process.mips32.o
 COMMON         0x000000008003c9bc      0xc04 proc/process.mips32.o
                0x000000008003c9bc                process_table_slock
                0x000000008003c9c0                process_table
 .bss           0x000000008003d5c0        0x0 proc/memlimit.mips32.o
 .bss           0x000000008003d5c0     0x18b8 fs/vfs.mips32.o
 .bss           0x000000008003ee78        0x0 fs/tfs.mips32.o
 .bss           0x000000008003ee78        0x0 fs/filesystems.mips32.o
 .bss           0x000000008003ee78        0x0 lib/gcc/divdi3.mips32.o
 .bss           0x000000008003ee78        0x0 lib/gcc/qdivrem.mips32.o
 .bss           0x000000008003ee78        0x0 lib/gcc/udivdi3.mips32.o
 .bss           0x000000008003ee78        0x0 lib/gcc/umoddi3.mips32.o
 .bss           0x000000008003ee78        0x0 init/mips32/_boot.mips32.o
 .bss           0x000000008003ee78        0x0 kernel/mips32/_cswitch.mips32.o
 .bss           0x000000008003ee78        0x0 kernel/mips32/_interrupt.mips32.o
 .bss           0x000000008003ee78        0x0 kernel/mips32/_spinlock.mips32.o
 .bss           0x000000008003ee78        0x0 kernel/mips32/idle.mips32.o
 .bss           0x000000008003ee78        0x0 vm/mips32/_tlb.mips32.o
 .bss           0x000000008003ee78        0x0 lib/mips32/rand.mips32.o
 .bss           0x000000008003ee78        0x0 drivers/mips32/_timer.mips32.o
 .bss           0x000000008003ee78        0x0 vm/memory.mips32.o
 .bss           0x000000008003ee78        0x4 init/mips32/main.mips32.o
                0x000000008003ee78                kernel_bootstrap_finished
 .bss           0x000000008003ee7c        0x0 kernel/mips32/cswitch.mips32.o
 .bss           0x000000008003ee7c      0x600 kernel/mips32/interrupt.mips32.o
 COMMON         0x000000008003f47c       0x10 kernel/mips32/interrupt.mips32.o
                0x000000008003f47c                interrupt_stacks
 .bss           0x000000008003f48c        0x0 kernel/mips32/exception.mips32.o
 .bss           0x000000008003f48c        0x0 vm/mips32/mm_virt.mips32.o
 .bss           0x000000008003f48c        0x0 vm/mips32/tlb.mips32.o
 .bss           0x000000008003f48c       0x14 vm/mips32/mm_phys.mips32.o
 .bss           0x000000008003f4a0        0x0 drivers/mips32/disk.mips32.o
 .bss           0x000000008003f4a0       0x48 drivers/mips32/metadev.mips32.o
 .bss           0x000000008003f4e8        0x4 drivers/mips32/polltty.mips32.o
 .bss           0x000000008003f4ec        0x4 drivers/mips32/tty.mips32.o
 .bss           0x000000008003f4f0      0x204 drivers/mips32/device.mips32.o
 .bss           0x000000008003f6f4        0x0 drivers/mips32/drivers.mips32.o
 .bss           0x000000008003f6f4        0x0 proc/mips32/exception.mips32.o
 .bss           0x000000008003f6f4        0x0 proc/mips32/_syscall.mips32.o
 .bss           0x000000008003f6f4        0x0 proc/mips32/_proc.mips32.o
                0x000000008003f6f4                KERNEL_ENDS_HERE = .
LOAD init/common.mips32.o
LOAD kernel/panic.mips32.o
LOAD kernel/thread.mips32.o
LOAD kernel/scheduler.mips32.o
LOAD kernel/sleepq.mips32.o
LOAD kernel/semaphore.mips32.o
LOAD kernel/halt.mips32.o
LOAD kernel/stalloc.mips32.o
LOAD lib/libc.mips32.o
LOAD lib/xprintf.mips32.o
LOAD lib/bitmap.mips32.o
LOAD lib/debug.mips32.o
LOAD drivers/bootargs.mips32.o
LOAD drivers/disksched.mips32.o
LOAD drivers/timer.mips32.o
LOAD proc/elf.mips32.o
LOAD proc/syscall.mips32.o
LOAD proc/process.mips32.o
LOAD proc/memlimit.mips32.o
LOAD fs/vfs.mips32.o
LOAD fs/tfs.mips32.o
LOAD fs/filesystems.mips32.o
LOAD lib/gcc/divdi3.mips32.o
LOAD lib/gcc/qdivrem.mips32.o
LOAD lib/gcc/udivdi3.mips32.o
LOAD lib/gcc/umoddi3.mips32.o
LOAD init/mips32/_boot.mips32.o
LOAD kernel/mips32/_cswitch.mips32.o
LOAD kernel/mips32/_interrupt.mips32.o
LOAD kernel/mips32/_spinlock.mips32.o
LOAD kernel/mips32/idle.mips32.o
LOAD vm/mips32/_tlb.mips32.o
LOAD lib/mips32/rand.mips32.o
LOAD drivers/mips32/_timer.mips32.o
LOAD vm/memory.mips32.o
LOAD init/mips32/main.mips32.o
LOAD kernel/mips32/cswitch.mips32.o
LOAD kernel/mips32/interrupt.mips32.o
LOAD kernel/mips32/exception.mips32.o
LOAD vm/mips32/mm_virt.mips32.o
LOAD vm/mips32/tlb.mips32.o
LOAD vm/mips32/mm_phys.mips32.o
LOAD drivers/mips32/disk.mips32.o
LOAD drivers/mips32/metadev.mips32.o
LOAD drivers/mips32/polltty.mips32.o
LOAD drivers/mips32/tty.mips32.o
LOAD drivers/mips32/device.mips32.o
LOAD drivers/mips32/drivers.mips32.o
LOAD proc/mips32/exception.mips32.o
LOAD proc/mips32/_syscall.mips32.o
LOAD proc/mips32/_proc.mips32.o
OUTPUT(kudos-mips32 elf32-bigmips)

.reginfo        0x0000000000000000       0x18
 .reginfo       0x0000000000000000       0x18 init/common.mips32.o

.pdr            0x0000000000000000     0x1a20
 .pdr           0x0000000000000000       0x40 init/common.mips32.o
 .pdr           0x0000000000000040       0x20 kernel/panic.mips32.o
 .pdr           0x0000000000000060      0x120 kernel/thread.mips32.o
 .pdr           0x0000000000000180       0x80 kernel/scheduler.mips32.o
 .pdr           0x0000000000000200       0x80 kernel/sleepq.mips32.o
 .pdr           0x0000000000000280       0xa0 kernel/semaphore.mips32.o
 .pdr           0x0000000000000320       0x20 kernel/halt.mips32.o
 .pdr           0x0000000000000340       0x60 kernel/stalloc.mips32.o
 .pdr           0x00000000000003a0      0x1e0 lib/libc.mips32.o
 .pdr           0x0000000000000580       0xe0 lib/xprintf.mips32.o
 .pdr           0x0000000000000660       0xa0 lib/bitmap.mips32.o
 .pdr           0x0000000000000700       0x20 lib/debug.mips32.o
 .pdr           0x0000000000000720       0x40 drivers/bootargs.mips32.o
 .pdr           0x0000000000000760       0x20 drivers/disksched.mips32.o
 .pdr           0x0000000000000780       0x20 drivers/timer.mips32.o
 .pdr           0x00000000000007a0       0x20 proc/elf.mips32.o
 .pdr           0x00000000000007c0       0x60 proc/syscall.mips32.o
 .pdr           0x0000000000000820      0x140 proc/process.mips32.o
 .pdr           0x0000000000000960       0x20 proc/memlimit.mips32.o
 .pdr           0x0000000000000980      0x280 fs/vfs.mips32.o
 .pdr           0x0000000000000c00      0x160 fs/tfs.mips32.o
 .pdr           0x0000000000000d60       0x60 fs/filesystems.mips32.o
 .pdr           0x0000000000000dc0       0x20 lib/gcc/divdi3.mips32.o
 .pdr           0x0000000000000de0       0x40 lib/gcc/qdivrem.mips32.o
 .pdr           0x0000000000000e20       0x20 lib/gcc/udivdi3.mips32.o
 .pdr           0x0000000000000e40       0x20 lib/gcc/umoddi3.mips32.o
 .pdr           0x0000000000000e60       0x40 init/mips32/_boot.mips32.o
 .pdr           0x0000000000000ea0       0xa0 kernel/mips32/_cswitch.mips32.o
 .pdr           0x0000000000000f40      0x180 kernel/mips32/_interrupt.mips32.o
 .pdr           0x00000000000010c0       0x40 kernel/mips32/_spinlock.mips32.o
 .pdr           0x0000000000001100       0x20 kernel/mips32/idle.mips32.o
 .pdr           0x0000000000001120       0xe0 vm/mips32/_tlb.mips32.o
 .pdr           0x0000000000001200       0x40 lib/mips32/rand.mips32.o
 .pdr           0x0000000000001240       0x20 drivers/mips32/_timer.mips32.o
 .pdr           0x0000000000001260       0x20 vm/memory.mips32.o
 .pdr           0x0000000000001280       0x20 init/mips32/main.mips32.o
 .pdr           0x00000000000012a0       0xa0 kernel/mips32/cswitch.mips32.o
 .pdr           0x0000000000001340       0x80 kernel/mips32/interrupt.mips32.o
 .pdr           0x00000000000013c0       0x40 kernel/mips32/exception.mips32.o
 .pdr           0x0000000000001400       0xe0 vm/mips32/mm_virt.mips32.o
 .pdr           0x00000000000014e0       0xa0 vm/mips32/tlb.mips32.o
 .pdr           0x0000000000001580       0xa0 vm/mips32/mm_phys.mips32.o
 .pdr           0x0000000000001620      0x100 drivers/mips32/disk.mips32.o
 .pdr           0x0000000000001720      0x180 drivers/mips32/metadev.mips32.o
 .pdr           0x00000000000018a0       0x60 drivers/mips32/polltty.mips32.o
 .pdr           0x0000000000001900       0x80 drivers/mips32/tty.mips32.o
 .pdr           0x0000000000001980       0x40 drivers/mips32/device.mips32.o
 .pdr           0x00000000000019c0        0x0 drivers/mips32/drivers.mips32.o
 .pdr           0x00000000000019c0       0x20 proc/mips32/exception.mips32.o
 .pdr           0x00000000000019e0       0x20 proc/mips32/_syscall.mips32.o
 .pdr           0x0000000000001a00       0x20 proc/mips32/_proc.mips32.o

.mdebug.abi32   0x0000000000000000        0x0
 .mdebug.abi32  0x0000000000000000        0x0 init/common.mips32.o
 .mdebug.abi32  0x0000000000000000        0x0 kernel/panic.mips32.o
 .mdebug.abi32  0x0000000000000000        0x0 kernel/thread.mips32.o
 .mdebug.abi32  0x0000000000000000        0x0 kernel/scheduler.mips32.o
 .mdebug.abi32  0x0000000000000000        0x0 kernel/sleepq.mips32.o
 .mdebug.abi32  0x0000000000000000        0x0 kernel/semaphore.mips32.o
 .mdebug.abi32  0x0000000000000000        0x0 kernel/halt.mips32.o
 .mdebug.abi32  0x0000000000000000        0x0 kernel/stalloc.mips32.o
 .mdebug.abi32  0x0000000000000000        0x0 lib/libc.mips32.o
 .mdebug.abi32  0x0000000000000000        0x0 lib/xprintf.mips32.o
 .mdebug.abi32  0x0000000000000000        0x0 lib/bitmap.mips32.o
 .mdebug.abi32  0x0000000000000000        0x0 lib/debug.mips32.o
 .mdebug.abi32  0x0000000000000000        0x0 drivers/bootargs.mips32.o
 .mdebug.abi32  0x0000000000000000        0x0 drivers/disksched.mips32.o
 .mdebug.abi32  0x0000000000000000        0x0 drivers/timer.mips32.o
 .mdebug.abi32  0x0000000000000000        0x0 proc/elf.mips32.o
 .mdebug.abi32  0x0000000000000000        0x0 proc/syscall.mips32.o
 .mdebug.abi32  0x0000000000000000        0x0 proc/process.mips32.o
 .mdebug.abi32  0x0000000000000000        0x0 proc/memlimit.mips32.o
 .mdebug.abi32  0x0000000000000000        0x0 fs/vfs.mips32.o
 .mdebug.abi32  0x0000000000000000        0x0 fs/tfs.mips32.o
 .mdebug.abi32  0x0000000000000000        0x0 fs/filesystems.mips32.o
 .mdebug.abi32  0x0000000000000000        0x0 lib/gcc/divdi3.mips32.o
 .mdebug.abi32  0x0000000000000000        0x0 lib/gcc/qdivrem.mips32.o
 .mdebug.abi32  0x0000000000000000        0x0 lib/gcc/udivdi3.mips32.o
 .mdebug.abi32  0x0000000000000000        0x0 lib/gcc/umoddi3.mips32.o
 .mdebug.abi32  0x0000000000000000        0x0 vm/memory.mips32.o
 .mdebug.abi32  0x0000000000000000        0x0 init/mips32/main.mips32.o
 .mdebug.abi32  0x0000000000000000        0x0 kernel/mips32/cswitch.mips32.o
 .mdebug.abi32  0x0000000000000000        0x0 kernel/mips32/interrupt.mips32.o
 .mdebug.abi32  0x0000000000000000        0x0 kernel/mips32/exception.mips32.o
 .mdebug.abi32  0x0000000000000000        0x0 vm/mips32/mm_virt.mips32.o
 .mdebug.abi32  0x0000000000000000        0x0 vm/mips32/tlb.mips32.o
 .mdebug.abi32  0x0000000000000000        0x0 vm/mips32/mm_phys.mips32.o
 .mdebug.abi32  0x0000000000000000        0x0 drivers/mips32/disk.mips32.o
 .mdebug.abi32  0x0000000000000000        0x0 drivers/mips32/metadev.mips32.o
 .mdebug.abi32  0x0000000000000000        0x0 drivers/mips32/polltty.mips32.o
 .mdebug.abi32  0x0000000000000000        0x0 drivers/mips32/tty.mips32.o
 .mdebug.abi32  0x0000000000000000        0x0 drivers/mips32/device.mips32.o
 .mdebug.abi32  0x0000000000000000        0x0 drivers/mips32/drivers.mips32.o
 .mdebug.abi32  0x0000000000000000        0x0 proc/mips32/exception.mips32.o
 .mdebug.abi32  0x0000000000000000        0x0 proc/mips32/_syscall.mips32.o
 .mdebug.abi32  0x0000000000000000        0x0 proc/mips32/_proc.mips32.o

.comment        0x0000000000000000       0x11
 .comment       0x0000000000000000       0x11 init/common.mips32.o
                                         0x12 (size before relaxing)
 .comment       0x0000000000000011       0x12 kernel/panic.mips32.o
 .comment       0x0000000000000011       0x12 kernel/thread.mips32.o
 .comment       0x0000000000000011       0x12 kernel/scheduler.mips32.o
 .comment       0x0000000000000011       0x12 kernel/sleepq.mips32.o
 .comment       0x0000000000000011       0x12 kernel/semaphore.mips32.o
 .comment       0x0000000000000011       0x12 kernel/halt.mips32.o
 .comment       0x0000000000000011       0x12 kernel/stalloc.mips32.o
 .comment       0x0000000000000011       0x12 lib/libc.mips32.o
 .comment       0x0000000000000011       0x12 lib/xprintf.mips32.o
 .comment       0x0000000000000011       0x12 lib/bitmap.mips32.o
 .comment       0x0000000000000011       0x12 lib/debug.mips32.o
 .comment       0x0000000000000011       0x12 drivers/bootargs.mips32.o
 .comment       0x0000000000000011       0x12 drivers/disksched.mips32.o
 .comment       0x0000000000000011       0x12 drivers/timer.mips32.o
 .comment       0x0000000000000011       0x12 proc/elf.mips32.o
 .comment       0x0000000000000011       0x12 proc/syscall.mips32.o
 .comment       0x0000000000000011       0x12 proc/process.mips32.o
 .comment       0x0000000000000011       0x12 proc/memlimit.mips32.o
 .comment       0x0000000000000011       0x12 fs/vfs.mips32.o
 .comment       0x0000000000000011       0x12 fs/tfs.mips32.o
 .comment       0x0000000000000011       0x12 fs/filesystems.mips32.o
 .comment       0x0000000000000011       0x12 lib/gcc/divdi3.mips32.o
 .comment       0x0000000000000011       0x12 lib/gcc/qdivrem.mips32.o
 .comment       0x0000000000000011       0x12 lib/gcc/udivdi3.mips32.o
 .comment       0x0000000000000011       0x12 lib/gcc/umoddi3.mips32.o
 .comment       0x0000000000000011       0x12 vm/memory.mips32.o
 .comment       0x0000000000000011       0x12 init/mips32/main.mips32.o
 .comment       0x0000000000000011       0x12 kernel/mips32/cswitch.mips32.o
 .comment       0x0000000000000011       0x12 kernel/mips32/interrupt.mips32.o
 .comment       0x0000000000000011       0x12 kernel/mips32/exception.mips32.o
 .comment       0x0000000000000011       0x12 vm/mips32/mm_virt.mips32.o
 .comment       0x0000000000000011       0x12 vm/mips32/tlb.mips32.o
 .comment       0x0000000000000011       0x12 vm/mips32/mm_phys.mips32.o
 .comment       0x0000000000000011       0x12 drivers/mips32/disk.mips32.o
 .comment       0x0000000000000011       0x12 drivers/mips32/metadev.mips32.o
 .comment       0x0000000000000011       0x12 drivers/mips32/polltty.mips32.o
 .comment       0x0000000000000011       0x12 drivers/mips32/tty.mips32.o
 .comment       0x0000000000000011       0x12 drivers/mips32/device.mips32.o
 .comment       0x0000000000000011       0x12 drivers/mips32/drivers.mips32.o
 .comment       0x0000000000000011       0x12 proc/mips32/exception.mips32.o
 .comment       0x0000000000000011       0x12 proc/mips32/_syscall.mips32.o
 .comment       0x0000000000000011       0x12 proc/mips32/_proc.mips32.o

.gnu.attributes
                0x0000000000000000       0x10
 .gnu.attributes
                0x0000000000000000       0x10 init/common.mips32.o
 .gnu.attributes
                0x0000000000000010       0x10 kernel/panic.mips32.o
 .gnu.attributes
                0x0000000000000020       0x10 kernel/thread.mips32.o
 .gnu.attributes
                0x0000000000000030       0x10 kernel/scheduler.mips32.o
 .gnu.attributes
                0x0000000000000040       0x10 kernel/sleepq.mips32.o
 .gnu.attributes
                0x0000000000000050       0x10 kernel/semaphore.mips32.o
 .gnu.attributes
                0x0000000000000060       0x10 kernel/halt.mips32.o
 .gnu.attributes
                0x0000000000000070       0x10 kernel/stalloc.mips32.o
 .gnu.attributes
                0x0000000000000080       0x10 lib/libc.mips32.o
 .gnu.attributes
                0x0000000000000090       0x10 lib/xprintf.mips32.o
 .gnu.attributes
                0x00000000000000a0       0x10 lib/bitmap.mips32.o
 .gnu.attributes
                0x00000000000000b0       0x10 lib/debug.mips32.o
 .gnu.attributes
                0x00000000000000c0       0x10 drivers/bootargs.mips32.o
 .gnu.attributes
                0x00000000000000d0       0x10 drivers/disksched.mips32.o
 .gnu.attributes
                0x00000000000000e0       0x10 drivers/timer.mips32.o
 .gnu.attributes
                0x00000000000000f0       0x10 proc/elf.mips32.o
 .gnu.attributes
                0x0000000000000100       0x10 proc/syscall.mips32.o
 .gnu.attributes
                0x0000000000000110       0x10 proc/process.mips32.o
 .gnu.attributes
                0x0000000000000120       0x10 proc/memlimit.mips32.o
 .gnu.attributes
                0x0000000000000130       0x10 fs/vfs.mips32.o
 .gnu.attributes
                0x0000000000000140       0x10 fs/tfs.mips32.o
 .gnu.attributes
                0x0000000000000150       0x10 fs/filesystems.mips32.o
 .gnu.attributes
                0x0000000000000160       0x10 lib/gcc/divdi3.mips32.o
 .gnu.attributes
                0x0000000000000170       0x10 lib/gcc/qdivrem.mips32.o
 .gnu.attributes
                0x0000000000000180       0x10 lib/gcc/udivdi3.mips32.o
 .gnu.attributes
                0x0000000000000190       0x10 lib/gcc/umoddi3.mips32.o
 .gnu.attributes
                0x00000000000001a0       0x10 init/mips32/_boot.mips32.o
 .gnu.attributes
                0x00000000000001b0       0x10 kernel/mips32/_cswitch.mips32.o
 .gnu.attributes
                0x00000000000001c0       0x10 kernel/mips32/_interrupt.mips32.o
 .gnu.attributes
                0x00000000000001d0       0x10 kernel/mips32/_spinlock.mips32.o
 .gnu.attributes
                0x00000000000001e0       0x10 kernel/mips32/idle.mips32.o
 .gnu.attributes
                0x00000000000001f0       0x10 vm/mips32/_tlb.mips32.o
 .gnu.attributes
                0x0000000000000200       0x10 lib/mips32/rand.mips32.o
 .gnu.attributes
                0x0000000000000210       0x10 drivers/mips32/_timer.mips32.o
 .gnu.attributes
                0x0000000000000220       0x10 vm/memory.mips32.o
 .gnu.attributes
                0x0000000000000230       0x10 init/mips32/main.mips32.o
 .gnu.attributes
                0x0000000000000240       0x10 kernel/mips32/cswitch.mips32.o
 .gnu.attributes
                0x0000000000000250       0x10 kernel/mips32/interrupt.mips32.o
 .gnu.attributes
                0x0000000000000260       0x10 kernel/mips32/exception.mips32.o
 .gnu.attributes
                0x0000000000000270       0x10 vm/mips32/mm_virt.mips32.o
 .gnu.attributes
                0x0000000000000280       0x10 vm/mips32/tlb.mips32.o
 .gnu.attributes
                0x0000000000000290       0x10 vm/mips32/mm_phys.mips32.o
 .gnu.attributes
                0x00000000000002a0       0x10 drivers/mips32/disk.mips32.o
 .gnu.attributes
                0x00000000000002b0       0x10 drivers/mips32/metadev.mips32.o
 .gnu.attributes
                0x00000000000002c0       0x10 drivers/mips32/polltty.mips32.o
 .gnu.attributes
                0x00000000000002d0       0x10 drivers/mips32/tty.mips32.o
 .gnu.attributes
                0x00000000000002e0       0x10 drivers/mips32/device.mips32.o
 .gnu.attributes
                0x00000000000002f0       0x10 drivers/mips32/drivers.mips32.o
 .gnu.attributes
                0x0000000000000300       0x10 proc/mips32/exception.mips32.o
 .gnu.attributes
                0x0000000000000310       0x10 proc/mips32/_syscall.mips32.o
 .gnu.attributes
                0x0000000000000320       0x10 proc/mips32/_proc.mips32.o

.debug_info     0x0000000000000000     0xdce8
 .debug_info    0x0000000000000000      0x593 init/common.mips32.o
 .debug_info    0x0000000000000593      0x140 kernel/panic.mips32.o
 .debug_info    0x00000000000006d3      0x8ae kernel/thread.mips32.o
 .debug_info    0x0000000000000f81      0x614 kernel/scheduler.mips32.o
 .debug_info    0x0000000000001595      0x6ff kernel/sleepq.mips32.o
 .debug_info    0x0000000000001c94      0x425 kernel/semaphore.mips32.o
 .debug_info    0x00000000000020b9       0xed kernel/halt.mips32.o
 .debug_info    0x00000000000021a6      0x177 kernel/stalloc.mips32.o
 .debug_info    0x000000000000231d      0x488 lib/libc.mips32.o
 .debug_info    0x00000000000027a5      0xab0 lib/xprintf.mips32.o
 .debug_info    0x0000000000003255      0x36e lib/bitmap.mips32.o
 .debug_info    0x00000000000035c3      0x115 lib/debug.mips32.o
 .debug_info    0x00000000000036d8      0x260 drivers/bootargs.mips32.o
 .debug_info    0x0000000000003938      0x1b5 drivers/disksched.mips32.o
 .debug_info    0x0000000000003aed       0xfe drivers/timer.mips32.o
 .debug_info    0x0000000000003beb      0x5e1 proc/elf.mips32.o
 .debug_info    0x00000000000041cc      0x2d1 proc/syscall.mips32.o
 .debug_info    0x000000000000449d     0x108f proc/process.mips32.o
 .debug_info    0x000000000000552c       0xae proc/memlimit.mips32.o
 .debug_info    0x00000000000055da     0x1869 fs/vfs.mips32.o
 .debug_info    0x0000000000006e43     0x1286 fs/tfs.mips32.o
 .debug_info    0x00000000000080c9      0xa32 fs/filesystems.mips32.o
 .debug_info    0x0000000000008afb      0x131 lib/gcc/divdi3.mips32.o
 .debug_info    0x0000000000008c2c      0x34a lib/gcc/qdivrem.mips32.o
 .debug_info    0x0000000000008f76       0xbf lib/gcc/udivdi3.mips32.o
 .debug_info    0x0000000000009035       0xcc lib/gcc/umoddi3.mips32.o
 .debug_info    0x0000000000009101      0x2f9 vm/memory.mips32.o
 .debug_info    0x00000000000093fa      0x607 init/mips32/main.mips32.o
 .debug_info    0x0000000000009a01      0x20f kernel/mips32/cswitch.mips32.o
 .debug_info    0x0000000000009c10      0x4d7 kernel/mips32/interrupt.mips32.o
 .debug_info    0x000000000000a0e7      0x3e1 kernel/mips32/exception.mips32.o
 .debug_info    0x000000000000a4c8      0x504 vm/mips32/mm_virt.mips32.o
 .debug_info    0x000000000000a9cc      0x585 vm/mips32/tlb.mips32.o
 .debug_info    0x000000000000af51      0x59f vm/mips32/mm_phys.mips32.o
 .debug_info    0x000000000000b4f0      0xa78 drivers/mips32/disk.mips32.o
 .debug_info    0x000000000000bf68      0x714 drivers/mips32/metadev.mips32.o
 .debug_info    0x000000000000c67c      0x1a8 drivers/mips32/polltty.mips32.o
 .debug_info    0x000000000000c824      0x75f drivers/mips32/tty.mips32.o
 .debug_info    0x000000000000cf83      0x31e drivers/mips32/device.mips32.o
 .debug_info    0x000000000000d2a1      0x1c2 drivers/mips32/drivers.mips32.o
 .debug_info    0x000000000000d463      0x594 proc/mips32/exception.mips32.o
 .debug_info    0x000000000000d9f7      0x11a proc/mips32/_syscall.mips32.o
 .debug_info    0x000000000000db11      0x1d7 proc/mips32/_proc.mips32.o

.debug_abbrev   0x0000000000000000     0x3c9e
 .debug_abbrev  0x0000000000000000      0x163 init/common.mips32.o
 .debug_abbrev  0x0000000000000163       0xae kernel/panic.mips32.o
 .debug_abbrev  0x0000000000000211      0x29b kernel/thread.mips32.o
 .debug_abbrev  0x00000000000004ac      0x201 kernel/scheduler.mips32.o
 .debug_abbrev  0x00000000000006ad      0x1d8 kernel/sleepq.mips32.o
 .debug_abbrev  0x0000000000000885      0x14c kernel/semaphore.mips32.o
 .debug_abbrev  0x00000000000009d1       0x87 kernel/halt.mips32.o
 .debug_abbrev  0x0000000000000a58       0xfd kernel/stalloc.mips32.o
 .debug_abbrev  0x0000000000000b55      0x18c lib/libc.mips32.o
 .debug_abbrev  0x0000000000000ce1      0x22c lib/xprintf.mips32.o
 .debug_abbrev  0x0000000000000f0d      0x19b lib/bitmap.mips32.o
 .debug_abbrev  0x00000000000010a8       0xb9 lib/debug.mips32.o
 .debug_abbrev  0x0000000000001161      0x1ac drivers/bootargs.mips32.o
 .debug_abbrev  0x000000000000130d       0xd8 drivers/disksched.mips32.o
 .debug_abbrev  0x00000000000013e5       0xb2 drivers/timer.mips32.o
 .debug_abbrev  0x0000000000001497      0x12f proc/elf.mips32.o
 .debug_abbrev  0x00000000000015c6      0x145 proc/syscall.mips32.o
 .debug_abbrev  0x000000000000170b      0x30b proc/process.mips32.o
 .debug_abbrev  0x0000000000001a16       0x84 proc/memlimit.mips32.o
 .debug_abbrev  0x0000000000001a9a      0x363 fs/vfs.mips32.o
 .debug_abbrev  0x0000000000001dfd      0x22a fs/tfs.mips32.o
 .debug_abbrev  0x0000000000002027      0x23a fs/filesystems.mips32.o
 .debug_abbrev  0x0000000000002261       0xa6 lib/gcc/divdi3.mips32.o
 .debug_abbrev  0x0000000000002307      0x15b lib/gcc/qdivrem.mips32.o
 .debug_abbrev  0x0000000000002462       0x8a lib/gcc/udivdi3.mips32.o
 .debug_abbrev  0x00000000000024ec       0x99 lib/gcc/umoddi3.mips32.o
 .debug_abbrev  0x0000000000002585      0x127 vm/memory.mips32.o
 .debug_abbrev  0x00000000000026ac       0xcc init/mips32/main.mips32.o
 .debug_abbrev  0x0000000000002778      0x105 kernel/mips32/cswitch.mips32.o
 .debug_abbrev  0x000000000000287d      0x1ae kernel/mips32/interrupt.mips32.o
 .debug_abbrev  0x0000000000002a2b      0x100 kernel/mips32/exception.mips32.o
 .debug_abbrev  0x0000000000002b2b      0x18b vm/mips32/mm_virt.mips32.o
 .debug_abbrev  0x0000000000002cb6      0x18e vm/mips32/tlb.mips32.o
 .debug_abbrev  0x0000000000002e44      0x17b vm/mips32/mm_phys.mips32.o
 .debug_abbrev  0x0000000000002fbf      0x2a9 drivers/mips32/disk.mips32.o
 .debug_abbrev  0x0000000000003268      0x1e3 drivers/mips32/metadev.mips32.o
 .debug_abbrev  0x000000000000344b       0xfb drivers/mips32/polltty.mips32.o
 .debug_abbrev  0x0000000000003546      0x1d9 drivers/mips32/tty.mips32.o
 .debug_abbrev  0x000000000000371f      0x1cb drivers/mips32/device.mips32.o
 .debug_abbrev  0x00000000000038ea       0xaa drivers/mips32/drivers.mips32.o
 .debug_abbrev  0x0000000000003994      0x173 proc/mips32/exception.mips32.o
 .debug_abbrev  0x0000000000003b07       0xc9 proc/mips32/_syscall.mips32.o
 .debug_abbrev  0x0000000000003bd0       0xce proc/mips32/_proc.mips32.o

.debug_loc      0x0000000000000000     0x85cf
 .debug_loc     0x0000000000000000       0xde init/common.mips32.o
 .debug_loc     0x00000000000000de       0x97 kernel/panic.mips32.o
 .debug_loc     0x0000000000000175      0x29e kernel/thread.mips32.o
 .debug_loc     0x0000000000000413      0x140 kernel/scheduler.mips32.o
 .debug_loc     0x0000000000000553      0x306 kernel/sleepq.mips32.o
 .debug_loc     0x0000000000000859      0x225 kernel/semaphore.mips32.o
 .debug_loc     0x0000000000000a7e       0x60 kernel/stalloc.mips32.o
 .debug_loc     0x0000000000000ade      0x6e5 lib/libc.mips32.o
 .debug_loc     0x00000000000011c3     0x1656 lib/xprintf.mips32.o
 .debug_loc     0x0000000000002819      0x587 lib/bitmap.mips32.o
 .debug_loc     0x0000000000002da0       0x4d lib/debug.mips32.o
 .debug_loc     0x0000000000002ded      0x2ed drivers/bootargs.mips32.o
 .debug_loc     0x00000000000030da       0x54 drivers/timer.mips32.o
 .debug_loc     0x000000000000312e      0x1bc proc/elf.mips32.o
 .debug_loc     0x00000000000032ea      0x50a proc/syscall.mips32.o
 .debug_loc     0x00000000000037f4      0x63d proc/process.mips32.o
 .debug_loc     0x0000000000003e31       0x2c proc/memlimit.mips32.o
 .debug_loc     0x0000000000003e5d      0xeeb fs/vfs.mips32.o
 .debug_loc     0x0000000000004d48      0xd83 fs/tfs.mips32.o
 .debug_loc     0x0000000000005acb      0x5a1 fs/filesystems.mips32.o
 .debug_loc     0x000000000000606c      0x1cc lib/gcc/divdi3.mips32.o
 .debug_loc     0x0000000000006238      0x676 lib/gcc/qdivrem.mips32.o
 .debug_loc     0x00000000000068ae       0x50 lib/gcc/udivdi3.mips32.o
 .debug_loc     0x00000000000068fe       0x50 lib/gcc/umoddi3.mips32.o
 .debug_loc     0x000000000000694e      0x194 vm/memory.mips32.o
 .debug_loc     0x0000000000006ae2       0x4f init/mips32/main.mips32.o
 .debug_loc     0x0000000000006b31       0x41 kernel/mips32/cswitch.mips32.o
 .debug_loc     0x0000000000006b72      0x25a kernel/mips32/interrupt.mips32.o
 .debug_loc     0x0000000000006dcc       0x6b kernel/mips32/exception.mips32.o
 .debug_loc     0x0000000000006e37      0x3a1 vm/mips32/mm_virt.mips32.o
 .debug_loc     0x00000000000071d8      0x328 vm/mips32/tlb.mips32.o
 .debug_loc     0x0000000000007500      0x266 vm/mips32/mm_phys.mips32.o
 .debug_loc     0x0000000000007766      0x4f5 drivers/mips32/disk.mips32.o
 .debug_loc     0x0000000000007c5b      0x3ab drivers/mips32/metadev.mips32.o
 .debug_loc     0x0000000000008006       0x22 drivers/mips32/polltty.mips32.o
 .debug_loc     0x0000000000008028      0x43c drivers/mips32/tty.mips32.o
 .debug_loc     0x0000000000008464       0xdf drivers/mips32/device.mips32.o
 .debug_loc     0x0000000000008543       0x60 proc/mips32/exception.mips32.o
 .debug_loc     0x00000000000085a3       0x2c proc/mips32/_syscall.mips32.o

.debug_aranges  0x0000000000000000      0x558
 .debug_aranges
                0x0000000000000000       0x20 init/common.mips32.o
 .debug_aranges
                0x0000000000000020       0x20 kernel/panic.mips32.o
 .debug_aranges
                0x0000000000000040       0x20 kernel/thread.mips32.o
 .debug_aranges
                0x0000000000000060       0x20 kernel/scheduler.mips32.o
 .debug_aranges
                0x0000000000000080       0x20 kernel/sleepq.mips32.o
 .debug_aranges
                0x00000000000000a0       0x20 kernel/semaphore.mips32.o
 .debug_aranges
                0x00000000000000c0       0x20 kernel/halt.mips32.o
 .debug_aranges
                0x00000000000000e0       0x20 kernel/stalloc.mips32.o
 .debug_aranges
                0x0000000000000100       0x20 lib/libc.mips32.o
 .debug_aranges
                0x0000000000000120       0x20 lib/xprintf.mips32.o
 .debug_aranges
                0x0000000000000140       0x20 lib/bitmap.mips32.o
 .debug_aranges
                0x0000000000000160       0x20 lib/debug.mips32.o
 .debug_aranges
                0x0000000000000180       0x20 drivers/bootargs.mips32.o
 .debug_aranges
                0x00000000000001a0       0x20 drivers/disksched.mips32.o
 .debug_aranges
                0x00000000000001c0       0x20 drivers/timer.mips32.o
 .debug_aranges
                0x00000000000001e0       0x20 proc/elf.mips32.o
 .debug_aranges
                0x0000000000000200       0x20 proc/syscall.mips32.o
 .debug_aranges
                0x0000000000000220       0x20 proc/process.mips32.o
 .debug_aranges
                0x0000000000000240       0x20 proc/memlimit.mips32.o
 .debug_aranges
                0x0000000000000260       0x20 fs/vfs.mips32.o
 .debug_aranges
                0x0000000000000280       0x20 fs/tfs.mips32.o
 .debug_aranges
                0x00000000000002a0       0x20 fs/filesystems.mips32.o
 .debug_aranges
                0x00000000000002c0       0x20 lib/gcc/divdi3.mips32.o
 .debug_aranges
                0x00000000000002e0       0x20 lib/gcc/qdivrem.mips32.o
 .debug_aranges
                0x0000000000000300       0x20 lib/gcc/udivdi3.mips32.o
 .debug_aranges
                0x0000000000000320       0x20 lib/gcc/umoddi3.mips32.o
 .debug_aranges
                0x0000000000000340       0x20 vm/memory.mips32.o
 .debug_aranges
                0x0000000000000360       0x20 init/mips32/main.mips32.o
 .debug_aranges
                0x0000000000000380       0x20 kernel/mips32/cswitch.mips32.o
 .debug_aranges
                0x00000000000003a0       0x20 kernel/mips32/interrupt.mips32.o
 .debug_aranges
                0x00000000000003c0       0x20 kernel/mips32/exception.mips32.o
 .debug_aranges
                0x00000000000003e0       0x20 vm/mips32/mm_virt.mips32.o
 .debug_aranges
                0x0000000000000400       0x20 vm/mips32/tlb.mips32.o
 .debug_aranges
                0x0000000000000420       0x20 vm/mips32/mm_phys.mips32.o
 .debug_aranges
                0x0000000000000440       0x20 drivers/mips32/disk.mips32.o
 .debug_aranges
                0x0000000000000460       0x20 drivers/mips32/metadev.mips32.o
 .debug_aranges
                0x0000000000000480       0x20 drivers/mips32/polltty.mips32.o
 .debug_aranges
                0x00000000000004a0       0x20 drivers/mips32/tty.mips32.o
 .debug_aranges
                0x00000000000004c0       0x20 drivers/mips32/device.mips32.o
 .debug_aranges
                0x00000000000004e0       0x18 drivers/mips32/drivers.mips32.o
 .debug_aranges
                0x00000000000004f8       0x20 proc/mips32/exception.mips32.o
 .debug_aranges
                0x0000000000000518       0x20 proc/mips32/_syscall.mips32.o
 .debug_aranges
                0x0000000000000538       0x20 proc/mips32/_proc.mips32.o

.debug_ranges   0x0000000000000000      0x410
 .debug_ranges  0x0000000000000000       0x20 init/common.mips32.o
 .debug_ranges  0x0000000000000020       0x18 kernel/thread.mips32.o
 .debug_ranges  0x0000000000000038       0x20 kernel/scheduler.mips32.o
 .debug_ranges  0x0000000000000058      0x108 lib/xprintf.mips32.o
 .debug_ranges  0x0000000000000160       0x60 proc/process.mips32.o
 .debug_ranges  0x00000000000001c0       0xe8 fs/vfs.mips32.o
 .debug_ranges  0x00000000000002a8       0x48 fs/filesystems.mips32.o
 .debug_ranges  0x00000000000002f0       0x40 lib/gcc/qdivrem.mips32.o
 .debug_ranges  0x0000000000000330       0x40 vm/memory.mips32.o
 .debug_ranges  0x0000000000000370       0x18 vm/mips32/mm_virt.mips32.o
 .debug_ranges  0x0000000000000388       0x18 vm/mips32/tlb.mips32.o
 .debug_ranges  0x00000000000003a0       0x18 drivers/mips32/disk.mips32.o
 .debug_ranges  0x00000000000003b8       0x40 drivers/mips32/tty.mips32.o
 .debug_ranges  0x00000000000003f8       0x18 drivers/mips32/device.mips32.o

.debug_line     0x0000000000000000     0x3ac7
 .debug_line    0x0000000000000000      0x150 init/common.mips32.o
 .debug_line    0x0000000000000150       0x84 kernel/panic.mips32.o
 .debug_line    0x00000000000001d4      0x1f3 kernel/thread.mips32.o
 .debug_line    0x00000000000003c7      0x1ab kernel/scheduler.mips32.o
 .debug_line    0x0000000000000572      0x1cd kernel/sleepq.mips32.o
 .debug_line    0x000000000000073f      0x142 kernel/semaphore.mips32.o
 .debug_line    0x0000000000000881       0x79 kernel/halt.mips32.o
 .debug_line    0x00000000000008fa       0x8e kernel/stalloc.mips32.o
 .debug_line    0x0000000000000988      0x19f lib/libc.mips32.o
 .debug_line    0x0000000000000b27      0x315 lib/xprintf.mips32.o
 .debug_line    0x0000000000000e3c      0x132 lib/bitmap.mips32.o
 .debug_line    0x0000000000000f6e       0xa7 lib/debug.mips32.o
 .debug_line    0x0000000000001015      0x102 drivers/bootargs.mips32.o
 .debug_line    0x0000000000001117       0xa6 drivers/disksched.mips32.o
 .debug_line    0x00000000000011bd       0x8e drivers/timer.mips32.o
 .debug_line    0x000000000000124b      0x14d proc/elf.mips32.o
 .debug_line    0x0000000000001398      0x107 proc/syscall.mips32.o
 .debug_line    0x000000000000149f      0x315 proc/process.mips32.o
 .debug_line    0x00000000000017b4       0x51 proc/memlimit.mips32.o
 .debug_line    0x0000000000001805      0x491 fs/vfs.mips32.o
 .debug_line    0x0000000000001c96      0x4cf fs/tfs.mips32.o
 .debug_line    0x0000000000002165      0x1d6 fs/filesystems.mips32.o
 .debug_line    0x000000000000233b       0x65 lib/gcc/divdi3.mips32.o
 .debug_line    0x00000000000023a0      0x176 lib/gcc/qdivrem.mips32.o
 .debug_line    0x0000000000002516       0x59 lib/gcc/udivdi3.mips32.o
 .debug_line    0x000000000000256f       0x59 lib/gcc/umoddi3.mips32.o
 .debug_line    0x00000000000025c8       0xd8 vm/memory.mips32.o
 .debug_line    0x00000000000026a0      0x189 init/mips32/main.mips32.o
 .debug_line    0x0000000000002829       0x8d kernel/mips32/cswitch.mips32.o
 .debug_line    0x00000000000028b6      0x1d2 kernel/mips32/interrupt.mips32.o
 .debug_line    0x0000000000002a88      0x102 kernel/mips32/exception.mips32.o
 .debug_line    0x0000000000002b8a      0x1c5 vm/mips32/mm_virt.mips32.o
 .debug_line    0x0000000000002d4f      0x13b vm/mips32/tlb.mips32.o
 .debug_line    0x0000000000002e8a      0x180 vm/mips32/mm_phys.mips32.o
 .debug_line    0x000000000000300a      0x23c drivers/mips32/disk.mips32.o
 .debug_line    0x0000000000003246      0x1cd drivers/mips32/metadev.mips32.o
 .debug_line    0x0000000000003413       0xb0 drivers/mips32/polltty.mips32.o
 .debug_line    0x00000000000034c3      0x220 drivers/mips32/tty.mips32.o
 .debug_line    0x00000000000036e3      0x113 drivers/mips32/device.mips32.o
 .debug_line    0x00000000000037f6       0x8f drivers/mips32/drivers.mips32.o
 .debug_line    0x0000000000003885      0x12b proc/mips32/exception.mips32.o
 .debug_line    0x00000000000039b0       0x98 proc/mips32/_syscall.mips32.o
 .debug_line    0x0000000000003a48       0x7f proc/mips32/_proc.mips32.o

.debug_str      0x0000000000000000     0x1d0d
 .debug_str     0x0000000000000000      0x1df init/common.mips32.o
                                        0x226 (size before relaxing)
 .debug_str     0x00000000000001df       0x45 kernel/panic.mips32.o
                                        0x122 (size before relaxing)
 .debug_str     0x0000000000000224      0x38d kernel/thread.mips32.o
                                        0x4be (size before relaxing)
 .debug_str     0x00000000000005b1       0x9d kernel/scheduler.mips32.o
                                        0x3f5 (size before relaxing)
 .debug_str     0x000000000000064e       0x9c kernel/sleepq.mips32.o
                                        0x3e1 (size before relaxing)
 .debug_str     0x00000000000006ea       0x9e kernel/semaphore.mips32.o
                                        0x247 (size before relaxing)
 .debug_str     0x0000000000000788       0x19 kernel/halt.mips32.o
                                         0xef (size before relaxing)
 .debug_str     0x00000000000007a1       0x68 kernel/stalloc.mips32.o
                                        0x138 (size before relaxing)
 .debug_str     0x0000000000000809       0xd7 lib/libc.mips32.o
                                        0x1c0 (size before relaxing)
 .debug_str     0x00000000000008e0       0x9d lib/xprintf.mips32.o
                                        0x231 (size before relaxing)
 .debug_str     0x000000000000097d       0x6e lib/bitmap.mips32.o
                                        0x13b (size before relaxing)
 .debug_str     0x00000000000009eb       0x22 lib/debug.mips32.o
                                        0x11c (size before relaxing)
 .debug_str     0x0000000000000a0d       0x8b drivers/bootargs.mips32.o
                                        0x174 (size before relaxing)
 .debug_str     0x0000000000000a98       0x9f drivers/disksched.mips32.o
                                        0x1ab (size before relaxing)
 .debug_str     0x0000000000000b37       0x21 drivers/timer.mips32.o
                                        0x140 (size before relaxing)
 .debug_str     0x0000000000000b58      0x1eb proc/elf.mips32.o
                                        0x2d5 (size before relaxing)
 .debug_str     0x0000000000000d43       0x6c proc/syscall.mips32.o
                                        0x1a1 (size before relaxing)
 .debug_str     0x0000000000000daf      0x20c proc/process.mips32.o
                                        0x6ad (size before relaxing)
 .debug_str     0x0000000000000fbb       0x18 proc/memlimit.mips32.o
                                         0xdd (size before relaxing)
 .debug_str     0x0000000000000fd3      0x1f2 fs/vfs.mips32.o
                                        0x524 (size before relaxing)
 .debug_str     0x00000000000011c5      0x10c fs/tfs.mips32.o
                                        0x4ef (size before relaxing)
 .debug_str     0x00000000000012d1      0x11d fs/filesystems.mips32.o
                                        0x46d (size before relaxing)
 .debug_str     0x00000000000013ee       0x2d lib/gcc/divdi3.mips32.o
                                         0xb1 (size before relaxing)
 .debug_str     0x000000000000141b       0x4f lib/gcc/qdivrem.mips32.o
                                         0xf9 (size before relaxing)
 .debug_str     0x000000000000146a       0x1c lib/gcc/udivdi3.mips32.o
                                         0xac (size before relaxing)
 .debug_str     0x0000000000001486       0x1c lib/gcc/umoddi3.mips32.o
                                         0xac (size before relaxing)
 .debug_str     0x00000000000014a2       0x32 vm/memory.mips32.o
                                        0x1c7 (size before relaxing)
 .debug_str     0x00000000000014d4       0x9f init/mips32/main.mips32.o
                                        0x24c (size before relaxing)
 .debug_str     0x0000000000001573       0x3c kernel/mips32/cswitch.mips32.o
                                        0x196 (size before relaxing)
 .debug_str     0x00000000000015af       0xdb kernel/mips32/interrupt.mips32.o
                                        0x314 (size before relaxing)
 .debug_str     0x000000000000168a       0xe8 kernel/mips32/exception.mips32.o
                                        0x216 (size before relaxing)
 .debug_str     0x0000000000001772       0x40 vm/mips32/mm_virt.mips32.o
                                        0x244 (size before relaxing)
 .debug_str     0x00000000000017b2       0x70 vm/mips32/tlb.mips32.o
                                        0x277 (size before relaxing)
 .debug_str     0x0000000000001822       0xe3 vm/mips32/mm_phys.mips32.o
                                        0x317 (size before relaxing)
 .debug_str     0x0000000000001905      0x109 drivers/mips32/disk.mips32.o
                                        0x459 (size before relaxing)
 .debug_str     0x0000000000001a0e      0x122 drivers/mips32/metadev.mips32.o
                                        0x381 (size before relaxing)
 .debug_str     0x0000000000001b30       0x36 drivers/mips32/polltty.mips32.o
                                        0x182 (size before relaxing)
 .debug_str     0x0000000000001b66       0xa2 drivers/mips32/tty.mips32.o
                                        0x331 (size before relaxing)
 .debug_str     0x0000000000001c08       0x7b drivers/mips32/device.mips32.o
                                        0x1e3 (size before relaxing)
 .debug_str     0x0000000000001c83       0x19 drivers/mips32/drivers.mips32.o
                                        0x193 (size before relaxing)
 .debug_str     0x0000000000001c9c       0x46 proc/mips32/exception.mips32.o
                                        0x335 (size before relaxing)
 .debug_str     0x0000000000001ce2       0x17 proc/mips32/_syscall.mips32.o
                                        0x125 (size before relaxing)
 .debug_str     0x0000000000001cf9       0x14 proc/mips32/_proc.mips32.o
                                        0x15e (size before relaxing)

.debug_frame    0x0000000000000000     0x1be0
 .debug_frame   0x0000000000000000       0x68 init/common.mips32.o
 .debug_frame   0x0000000000000068       0x38 kernel/panic.mips32.o
 .debug_frame   0x00000000000000a0      0x138 kernel/thread.mips32.o
 .debug_frame   0x00000000000001d8       0xa4 kernel/scheduler.mips32.o
 .debug_frame   0x000000000000027c       0xd4 kernel/sleepq.mips32.o
 .debug_frame   0x0000000000000350       0xc8 kernel/semaphore.mips32.o
 .debug_frame   0x0000000000000418       0x2c kernel/halt.mips32.o
 .debug_frame   0x0000000000000444       0x54 kernel/stalloc.mips32.o
 .debug_frame   0x0000000000000498      0x134 lib/libc.mips32.o
 .debug_frame   0x00000000000005cc      0x118 lib/xprintf.mips32.o
 .debug_frame   0x00000000000006e4       0xe4 lib/bitmap.mips32.o
 .debug_frame   0x00000000000007c8       0x30 lib/debug.mips32.o
 .debug_frame   0x00000000000007f8       0x4c drivers/bootargs.mips32.o
 .debug_frame   0x0000000000000844       0x20 drivers/disksched.mips32.o
 .debug_frame   0x0000000000000864       0x30 drivers/timer.mips32.o
 .debug_frame   0x0000000000000894       0x48 proc/elf.mips32.o
 .debug_frame   0x00000000000008dc       0xb4 proc/syscall.mips32.o
 .debug_frame   0x0000000000000990      0x1a4 proc/process.mips32.o
 .debug_frame   0x0000000000000b34       0x2c proc/memlimit.mips32.o
 .debug_frame   0x0000000000000b60      0x378 fs/vfs.mips32.o
 .debug_frame   0x0000000000000ed8      0x208 fs/tfs.mips32.o
 .debug_frame   0x00000000000010e0       0xb0 fs/filesystems.mips32.o
 .debug_frame   0x0000000000001190       0x34 lib/gcc/divdi3.mips32.o
 .debug_frame   0x00000000000011c4       0x60 lib/gcc/qdivrem.mips32.o
 .debug_frame   0x0000000000001224       0x2c lib/gcc/udivdi3.mips32.o
 .debug_frame   0x0000000000001250       0x2c lib/gcc/umoddi3.mips32.o
 .debug_frame   0x000000000000127c       0x48 vm/memory.mips32.o
 .debug_frame   0x00000000000012c4       0x38 init/mips32/main.mips32.o
 .debug_frame   0x00000000000012fc       0x60 kernel/mips32/cswitch.mips32.o
 .debug_frame   0x000000000000135c       0xb8 kernel/mips32/interrupt.mips32.o
 .debug_frame   0x0000000000001414       0x50 kernel/mips32/exception.mips32.o
 .debug_frame   0x0000000000001464      0x114 vm/mips32/mm_virt.mips32.o
 .debug_frame   0x0000000000001578       0xec vm/mips32/tlb.mips32.o
 .debug_frame   0x0000000000001664       0xd4 vm/mips32/mm_phys.mips32.o
 .debug_frame   0x0000000000001738      0x140 drivers/mips32/disk.mips32.o
 .debug_frame   0x0000000000001878      0x178 drivers/mips32/metadev.mips32.o
 .debug_frame   0x00000000000019f0       0x40 drivers/mips32/polltty.mips32.o
 .debug_frame   0x0000000000001a30       0xd8 drivers/mips32/tty.mips32.o
 .debug_frame   0x0000000000001b08       0x54 drivers/mips32/device.mips32.o
 .debug_frame   0x0000000000001b5c       0x34 proc/mips32/exception.mips32.o
 .debug_frame   0x0000000000001b90       0x30 proc/mips32/_syscall.mips32.o
 .debug_frame   0x0000000000001bc0       0x20 proc/mips32/_proc.mips32.o

.stab           0x0000000000000000     0x1560
 .stab          0x0000000000000000       0xfc init/mips32/_boot.mips32.o
 .stab          0x00000000000000fc      0x9d8 kernel/mips32/_cswitch.mips32.o
                                        0x9e4 (size before relaxing)
 .stab          0x0000000000000ad4      0x3f0 kernel/mips32/_interrupt.mips32.o
                                        0x3fc (size before relaxing)
 .stab          0x0000000000000ec4       0xb4 kernel/mips32/_spinlock.mips32.o
                                         0xc0 (size before relaxing)
 .stab          0x0000000000000f78       0x54 kernel/mips32/idle.mips32.o
                                         0x60 (size before relaxing)
 .stab          0x0000000000000fcc      0x444 vm/mips32/_tlb.mips32.o
                                        0x450 (size before relaxing)
 .stab          0x0000000000001410       0xe4 lib/mips32/rand.mips32.o
                                         0xf0 (size before relaxing)
 .stab          0x00000000000014f4       0x6c drivers/mips32/_timer.mips32.o
                                         0x78 (size before relaxing)

.stabstr        0x0000000000000000      0x3db
 .stabstr       0x0000000000000000      0x3db init/mips32/_boot.mips32.o

Cross Reference Table

Symbol                                            File
DEBUG                                             lib/debug.mips32.o
                                                  init/common.mips32.o
KERNEL_ENDS_HERE                                  kernel/stalloc.mips32.o
__divdi3                                          lib/gcc/divdi3.mips32.o
__qdivrem                                         lib/gcc/qdivrem.mips32.o
                                                  lib/gcc/umoddi3.mips32.o
                                                  lib/gcc/udivdi3.mips32.o
                                                  lib/gcc/divdi3.mips32.o
__udivdi3                                         lib/gcc/udivdi3.mips32.o
__umoddi3                                         lib/gcc/umoddi3.mips32.o
_context_enable_ints                              kernel/mips32/cswitch.mips32.o
                                                  kernel/thread.mips32.o
_context_enter_userland                           kernel/mips32/cswitch.mips32.o
                                                  kernel/thread.mips32.o
_context_init                                     kernel/mips32/cswitch.mips32.o
                                                  kernel/thread.mips32.o
_context_set_ip                                   kernel/mips32/cswitch.mips32.o
                                                  proc/process.mips32.o
                                                  kernel/thread.mips32.o
_context_set_sp                                   kernel/mips32/cswitch.mips32.o
                                                  proc/process.mips32.o
                                                  kernel/thread.mips32.o
_cswitch_switch                                   kernel/mips32/_cswitch.mips32.o
_cswitch_to_userland                              kernel/mips32/_cswitch.mips32.o
                                                  kernel/mips32/cswitch.mips32.o
_cswitch_vector_code                              kernel/mips32/_cswitch.mips32.o
                                                  kernel/mips32/interrupt.mips32.o
_get_rand                                         lib/mips32/rand.mips32.o
                                                  kernel/scheduler.mips32.o
_idle_thread_wait_loop                            kernel/mips32/idle.mips32.o
                                                  init/mips32/_boot.mips32.o
                                                  kernel/thread.mips32.o
_interrupt_clear_EXL                              kernel/mips32/_interrupt.mips32.o
                                                  proc/mips32/exception.mips32.o
                                                  kernel/mips32/exception.mips32.o
_interrupt_clear_bootstrap                        kernel/mips32/_interrupt.mips32.o
                                                  init/mips32/main.mips32.o
                                                  init/mips32/_boot.mips32.o
_interrupt_clear_sw                               kernel/mips32/_interrupt.mips32.o
_interrupt_clear_sw0                              kernel/mips32/_interrupt.mips32.o
                                                  kernel/mips32/interrupt.mips32.o
_interrupt_clear_sw1                              kernel/mips32/_interrupt.mips32.o
_interrupt_disable                                kernel/mips32/_interrupt.mips32.o
                                                  proc/mips32/exception.mips32.o
                                                  drivers/mips32/tty.mips32.o
                                                  drivers/mips32/metadev.mips32.o
                                                  drivers/mips32/disk.mips32.o
                                                  vm/mips32/mm_phys.mips32.o
                                                  kernel/mips32/exception.mips32.o
                                                  proc/process.mips32.o
                                                  drivers/timer.mips32.o
                                                  lib/xprintf.mips32.o
                                                  kernel/semaphore.mips32.o
                                                  kernel/sleepq.mips32.o
                                                  kernel/scheduler.mips32.o
                                                  kernel/thread.mips32.o
                                                  kernel/panic.mips32.o
_interrupt_enable                                 kernel/mips32/_interrupt.mips32.o
                                                  proc/mips32/exception.mips32.o
                                                  init/mips32/main.mips32.o
                                                  init/mips32/_boot.mips32.o
                                                  kernel/thread.mips32.o
_interrupt_get_state                              kernel/mips32/_interrupt.mips32.o
                                                  kernel/mips32/interrupt.mips32.o
_interrupt_getcpu                                 kernel/mips32/_interrupt.mips32.o
                                                  drivers/mips32/metadev.mips32.o
                                                  kernel/mips32/interrupt.mips32.o
                                                  kernel/scheduler.mips32.o
                                                  kernel/thread.mips32.o
                                                  kernel/panic.mips32.o
_interrupt_is_disabled                            kernel/mips32/interrupt.mips32.o
                                                  kernel/sleepq.mips32.o
_interrupt_set_EXL                                kernel/mips32/_interrupt.mips32.o
                                                  proc/mips32/exception.mips32.o
                                                  kernel/mips32/exception.mips32.o
_interrupt_set_state                              kernel/mips32/_interrupt.mips32.o
                                                  drivers/mips32/tty.mips32.o
                                                  drivers/mips32/metadev.mips32.o
                                                  drivers/mips32/disk.mips32.o
                                                  vm/mips32/mm_phys.mips32.o
                                                  kernel/mips32/exception.mips32.o
                                                  proc/process.mips32.o
                                                  drivers/timer.mips32.o
                                                  lib/xprintf.mips32.o
                                                  kernel/semaphore.mips32.o
                                                  kernel/sleepq.mips32.o
                                                  kernel/scheduler.mips32.o
                                                  kernel/thread.mips32.o
_interrupt_yield                                  kernel/mips32/_interrupt.mips32.o
                                                  init/mips32/_boot.mips32.o
                                                  kernel/thread.mips32.o
_kernel_panic                                     kernel/panic.mips32.o
                                                  proc/mips32/exception.mips32.o
                                                  drivers/mips32/tty.mips32.o
                                                  drivers/mips32/metadev.mips32.o
                                                  drivers/mips32/disk.mips32.o
                                                  vm/mips32/mm_phys.mips32.o
                                                  vm/mips32/tlb.mips32.o
                                                  vm/mips32/mm_virt.mips32.o
                                                  kernel/mips32/exception.mips32.o
                                                  kernel/mips32/interrupt.mips32.o
                                                  init/mips32/main.mips32.o
                                                  vm/memory.mips32.o
                                                  fs/vfs.mips32.o
                                                  proc/process.mips32.o
                                                  proc/syscall.mips32.o
                                                  lib/bitmap.mips32.o
                                                  kernel/stalloc.mips32.o
                                                  kernel/semaphore.mips32.o
                                                  kernel/sleepq.mips32.o
                                                  kernel/scheduler.mips32.o
                                                  kernel/thread.mips32.o
                                                  init/common.mips32.o
_set_rand_seed                                    lib/mips32/rand.mips32.o
                                                  init/mips32/main.mips32.o
_start                                            init/mips32/_boot.mips32.o
_timer_set_ticks                                  drivers/mips32/_timer.mips32.o
                                                  drivers/timer.mips32.o
_tlb_get_exception_state                          vm/mips32/_tlb.mips32.o
                                                  vm/mips32/tlb.mips32.o
                                                  kernel/mips32/exception.mips32.o
_tlb_get_maxindex                                 vm/mips32/_tlb.mips32.o
                                                  vm/mips32/tlb.mips32.o
_tlb_probe                                        vm/mips32/_tlb.mips32.o
_tlb_read                                         vm/mips32/_tlb.mips32.o
_tlb_set_asid                                     vm/mips32/_tlb.mips32.o
                                                  vm/mips32/tlb.mips32.o
                                                  kernel/mips32/interrupt.mips32.o
_tlb_write                                        vm/mips32/_tlb.mips32.o
                                                  vm/mips32/tlb.mips32.o
_tlb_write_random                                 vm/mips32/_tlb.mips32.o
                                                  vm/mips32/tlb.mips32.o
alloc_process_id                                  proc/process.mips32.o
atoi                                              lib/libc.mips32.o
                                                  init/mips32/main.mips32.o
bitmap_findnset                                   lib/bitmap.mips32.o
                                                  vm/mips32/mm_phys.mips32.o
                                                  fs/tfs.mips32.o
bitmap_get                                        lib/bitmap.mips32.o
                                                  vm/mips32/mm_phys.mips32.o
                                                  fs/tfs.mips32.o
bitmap_init                                       lib/bitmap.mips32.o
                                                  vm/mips32/mm_phys.mips32.o
bitmap_set                                        lib/bitmap.mips32.o
                                                  vm/mips32/mm_phys.mips32.o
                                                  fs/tfs.mips32.o
bitmap_sizeof                                     lib/bitmap.mips32.o
                                                  vm/mips32/mm_phys.mips32.o
bootargs_get                                      drivers/bootargs.mips32.o
                                                  init/mips32/main.mips32.o
                                                  lib/debug.mips32.o
                                                  init/common.mips32.o
bootargs_init                                     drivers/bootargs.mips32.o
                                                  init/mips32/main.mips32.o
cpustatus_count                                   drivers/mips32/metadev.mips32.o
                                                  init/mips32/main.mips32.o
cpustatus_generate_irq                            drivers/mips32/metadev.mips32.o
cpustatus_init                                    drivers/mips32/metadev.mips32.o
                                                  drivers/mips32/drivers.mips32.o
cpustatus_interrupt_handle                        drivers/mips32/metadev.mips32.o
device_get                                        drivers/mips32/device.mips32.o
                                                  fs/vfs.mips32.o
                                                  init/common.mips32.o
device_init                                       drivers/mips32/device.mips32.o
                                                  init/mips32/main.mips32.o
disk_init                                         drivers/mips32/disk.mips32.o
                                                  drivers/mips32/drivers.mips32.o
disksched_schedule                                drivers/disksched.mips32.o
                                                  drivers/mips32/disk.mips32.o
drivers_available                                 drivers/mips32/drivers.mips32.o
                                                  drivers/mips32/device.mips32.o
elf_parse_header                                  proc/elf.mips32.o
                                                  proc/process.mips32.o
filesystems_try_all                               fs/filesystems.mips32.o
                                                  fs/vfs.mips32.o
find_matching_page                                vm/mips32/tlb.mips32.o
from_big_endian16                                 lib/libc.mips32.o
from_big_endian32                                 lib/libc.mips32.o
                                                  fs/tfs.mips32.o
                                                  proc/elf.mips32.o
get_partition                                     fs/filesystems.mips32.o
halt_kernel                                       kernel/halt.mips32.o
                                                  proc/syscall.mips32.o
                                                  init/common.mips32.o
init                                              init/mips32/main.mips32.o
                                                  init/mips32/_boot.mips32.o
init_startup_fallback                             init/common.mips32.o
init_startup_thread                               init/common.mips32.o
                                                  init/mips32/main.mips32.o
interrupt_handle                                  kernel/mips32/interrupt.mips32.o
                                                  kernel/mips32/_cswitch.mips32.o
interrupt_init                                    kernel/mips32/interrupt.mips32.o
                                                  init/mips32/main.mips32.o
interrupt_register                                kernel/mips32/interrupt.mips32.o
                                                  drivers/mips32/tty.mips32.o
                                                  drivers/mips32/metadev.mips32.o
                                                  drivers/mips32/disk.mips32.o
interrupt_stacks                                  kernel/mips32/interrupt.mips32.o
                                                  kernel/mips32/_cswitch.mips32.o
kernel_bootstrap_finished                         init/mips32/main.mips32.o
                                                  init/mips32/_boot.mips32.o
kernel_exception_handle                           kernel/mips32/exception.mips32.o
                                                  kernel/mips32/_cswitch.mips32.o
kprintf                                           lib/xprintf.mips32.o
                                                  drivers/mips32/device.mips32.o
                                                  drivers/mips32/metadev.mips32.o
                                                  drivers/mips32/disk.mips32.o
                                                  vm/mips32/mm_phys.mips32.o
                                                  vm/mips32/mm_virt.mips32.o
                                                  kernel/mips32/exception.mips32.o
                                                  kernel/mips32/interrupt.mips32.o
                                                  init/mips32/main.mips32.o
                                                  fs/filesystems.mips32.o
                                                  fs/tfs.mips32.o
                                                  fs/vfs.mips32.o
                                                  proc/memlimit.mips32.o
                                                  kernel/halt.mips32.o
                                                  kernel/panic.mips32.o
                                                  init/common.mips32.o
kprintf_slock                                     lib/xprintf.mips32.o
                                                  drivers/mips32/tty.mips32.o
kread                                             lib/libc.mips32.o
kvprintf                                          lib/xprintf.mips32.o
                                                  lib/debug.mips32.o
kwrite                                            lib/libc.mips32.o
                                                  init/mips32/main.mips32.o
memcopy                                           lib/libc.mips32.o
                                                  vm/memory.mips32.o
                                                  fs/tfs.mips32.o
                                                  proc/elf.mips32.o
meminfo_get_pages                                 drivers/mips32/metadev.mips32.o
meminfo_init                                      drivers/mips32/metadev.mips32.o
                                                  drivers/mips32/drivers.mips32.o
memlimit                                          proc/memlimit.mips32.o
                                                  proc/syscall.mips32.o
memoryset                                         lib/libc.mips32.o
                                                  fs/tfs.mips32.o
                                                  proc/process.mips32.o
                                                  proc/elf.mips32.o
physmem_allocblock                                vm/mips32/mm_phys.mips32.o
                                                  vm/mips32/mm_virt.mips32.o
                                                  fs/filesystems.mips32.o
                                                  fs/tfs.mips32.o
                                                  proc/process.mips32.o
physmem_freeblock                                 vm/mips32/mm_phys.mips32.o
                                                  vm/mips32/mm_virt.mips32.o
                                                  fs/filesystems.mips32.o
                                                  fs/tfs.mips32.o
physmem_get_reserved_size                         vm/mips32/mm_phys.mips32.o
physmem_get_size                                  vm/mips32/mm_phys.mips32.o
physmem_init                                      vm/mips32/mm_phys.mips32.o
                                                  vm/mips32/mm_virt.mips32.o
polltty_getchar                                   drivers/mips32/polltty.mips32.o
                                                  proc/syscall.mips32.o
                                                  lib/libc.mips32.o
polltty_init                                      drivers/mips32/polltty.mips32.o
                                                  init/mips32/main.mips32.o
polltty_putchar                                   drivers/mips32/polltty.mips32.o
                                                  proc/syscall.mips32.o
                                                  lib/xprintf.mips32.o
                                                  lib/libc.mips32.o
process_exit                                      proc/process.mips32.o
                                                  vm/mips32/tlb.mips32.o
                                                  proc/syscall.mips32.o
process_get_current_process                       proc/process.mips32.o
process_get_current_process_entry                 proc/process.mips32.o
process_init                                      proc/process.mips32.o
                                                  init/mips32/main.mips32.o
process_join                                      proc/process.mips32.o
                                                  proc/syscall.mips32.o
                                                  init/common.mips32.o
process_reset                                     proc/process.mips32.o
process_run                                       proc/process.mips32.o
process_set_pagetable                             proc/mips32/_proc.mips32.o
                                                  proc/process.mips32.o
process_spawn                                     proc/process.mips32.o
                                                  proc/syscall.mips32.o
                                                  init/common.mips32.o
process_table                                     proc/process.mips32.o
process_table_slock                               proc/process.mips32.o
read_extended_partition_table                     fs/filesystems.mips32.o
rtc_get_clockspeed                                drivers/mips32/metadev.mips32.o
rtc_get_msec                                      drivers/mips32/metadev.mips32.o
rtc_init                                          drivers/mips32/metadev.mips32.o
                                                  drivers/mips32/drivers.mips32.o
scheduler_add_ready                               kernel/scheduler.mips32.o